------------------------------------------------------------
Timing Analyzer Summary
------------------------------------------------------------

Type  : Slow 1100mV 85C Model Setup 'CLOCK_50'
Slack : -2.199
TNS   : -157.403

Type  : Slow 1100mV 85C Model Hold 'CLOCK_50'
Slack : 0.325
TNS   : 0.000

Type  : Slow 1100mV 85C Model Minimum Pulse Width 'CLOCK_50'
Slack : -0.394
TNS   : -55.288

Type  : Slow 1100mV 0C Model Setup 'CLOCK_50'
Slack : -2.175
TNS   : -151.857

Type  : Slow 1100mV 0C Model Hold 'CLOCK_50'
Slack : 0.306
TNS   : 0.000

Type  : Slow 1100mV 0C Model Minimum Pulse Width 'CLOCK_50'
Slack : -0.394
TNS   : -59.142

Type  : Fast 1100mV 85C Model Setup 'CLOCK_50'
Slack : -0.810
TNS   : -44.884

Type  : Fast 1100mV 85C Model Hold 'CLOCK_50'
Slack : 0.179
TNS   : 0.000

Type  : Fast 1100mV 85C Model Minimum Pulse Width 'CLOCK_50'
Slack : -0.090
TNS   : -9.039

Type  : Fast 1100mV 0C Model Setup 'CLOCK_50'
Slack : -0.678
TNS   : -34.020

Type  : Fast 1100mV 0C Model Hold 'CLOCK_50'
Slack : 0.168
TNS   : 0.000

Type  : Fast 1100mV 0C Model Minimum Pulse Width 'CLOCK_50'
Slack : -0.088
TNS   : -8.943

------------------------------------------------------------
